2026-08-22T08:07:38Z INF Thank you for trying Cloudflare Tunnel. Doing so, without a Cloudflare account, is a quick way to experiment and try it out. However, be aware that these account-less Tunnels have no uptime guarantee, are subject to the Cloudflare Online Services Terms of Use (https://www.cloudflare.com/website-terms/), and Cloudflare reserves the right to investigate your use of Tunnels for violations of such terms. If you intend to use Tunnels in production you should use a pre-created named tunnel by following: https://developers.cloudflare.com/cloudflare-one/connections/connect-apps
2026-08-22T08:07:38Z INF Requesting new quick Tunnel on trycloudflare.com...
2026-08-22T08:07:42Z INF +--------------------------------------------------------------------------------------------+
2026-08-22T08:07:42Z INF |  Your quick Tunnel has been created! Visit it at (it may take some time to be reachable):  |
2026-08-22T08:07:42Z INF |  https://cache-valid-knowing-voters.trycloudflare.com                                      |
2026-08-22T08:07:42Z INF +--------------------------------------------------------------------------------------------+
2026-08-22T08:07:42Z INF Cannot determine default configuration path. No file [config.yml config.yaml] in [~/.cloudflared ~/.cloudflare-warp ~/cloudflare-warp /etc/cloudflared /usr/local/etc/cloudflared]
2026-08-22T08:07:42Z INF Version 2026.8.2 (Checksum dbe6297e32d5b72f75754124c343e4571f7302acd4999e5d0ad0daeb78c891b5)
2026-08-22T08:07:42Z INF GOOS: darwin, GOVersion: go1.26.6, GoArch: arm64
2026-08-22T08:07:42Z INF Settings: map[ha-connections:1 no-autoupdate:true protocol:quic url:http://127.0.0.1:8011]
2026-08-22T08:07:42Z INF cloudflared will not automatically update if installed by a package manager.
2026-08-22T08:07:42Z INF Generated Connector ID: 92fc3989-166a-41d7-a13e-df70f47d8a3b
2026-08-22T08:07:42Z INF Initial protocol quic
2026-08-22T08:07:42Z INF ICMP proxy will use 192.168.1.177 as source for IPv4
2026-08-22T08:07:42Z INF ICMP proxy will use fe80::4a7:3bcb:6a27:177d in zone en0 as source for IPv6
2026-08-22T08:07:42Z INF Created ICMP proxy listening on 192.168.1.177:0
2026-08-22T08:07:42Z INF ICMP proxy will use 192.168.1.177 as source for IPv4
2026-08-22T08:07:42Z INF ICMP proxy will use fe80::4a7:3bcb:6a27:177d in zone en0 as source for IPv6
2026-08-22T08:07:42Z INF Starting metrics server on 127.0.0.1:20241/metrics
2026-08-22T08:07:42Z INF Tunnel connection curve preferences: [X25519MLKEM768 CurveID(65074) CurveP256] connIndex=0 event=0 ip=2606:4700:a8::4
2026-08-22T08:07:42Z INF +-------------------------------------------------------------------------------------+
2026-08-22T08:07:42Z INF |                               CONNECTIVITY PRE-CHECKS                               |
2026-08-22T08:07:42Z INF +-------------------------------------------------------------------------------------+
2026-08-22T08:07:42Z INF |  COMPONENT         TARGET                     STATUS  DETAILS                       |
2026-08-22T08:07:42Z INF |  DNS Resolution    region1.v2.argotunnel.com  PASS    DNS Resolved successfully     |
2026-08-22T08:07:42Z INF |  DNS Resolution    region2.v2.argotunnel.com  PASS    DNS Resolved successfully     |
2026-08-22T08:07:42Z INF |  UDP Connectivity  region1.v2.argotunnel.com  PASS    QUIC connection successful    |
2026-08-22T08:07:42Z INF |  UDP Connectivity  region2.v2.argotunnel.com  PASS    QUIC connection successful    |
2026-08-22T08:07:42Z INF |  TCP Connectivity  region1.v2.argotunnel.com  PASS    HTTP/2 connection successful  |
2026-08-22T08:07:42Z INF |  TCP Connectivity  region2.v2.argotunnel.com  PASS    HTTP/2 connection successful  |
2026-08-22T08:07:42Z INF |  Cloudflare API    api.cloudflare.com:443     PASS    API is reachable              |
2026-08-22T08:07:42Z INF |                                                                                     |
2026-08-22T08:07:42Z INF |  SUMMARY: Environment is healthy. cloudflared will use 'quic' as primary protocol.  |
2026-08-22T08:07:42Z INF +-------------------------------------------------------------------------------------+
2026-08-22T08:07:42Z INF precheck component="DNS Resolution" details="DNS Resolved successfully" run_id=5eb102bb-f282-48ba-9b96-fc94862fc59e status=pass target=region1.v2.argotunnel.com
2026-08-22T08:07:42Z INF precheck component="DNS Resolution" details="DNS Resolved successfully" run_id=5eb102bb-f282-48ba-9b96-fc94862fc59e status=pass target=region2.v2.argotunnel.com
2026-08-22T08:07:42Z INF precheck component="UDP Connectivity" details="QUIC connection successful" run_id=5eb102bb-f282-48ba-9b96-fc94862fc59e status=pass target=region1.v2.argotunnel.com
2026-08-22T08:07:42Z INF precheck component="UDP Connectivity" details="QUIC connection successful" run_id=5eb102bb-f282-48ba-9b96-fc94862fc59e status=pass target=region2.v2.argotunnel.com
2026-08-22T08:07:42Z INF precheck component="TCP Connectivity" details="HTTP/2 connection successful" run_id=5eb102bb-f282-48ba-9b96-fc94862fc59e status=pass target=region1.v2.argotunnel.com
2026-08-22T08:07:42Z INF precheck component="TCP Connectivity" details="HTTP/2 connection successful" run_id=5eb102bb-f282-48ba-9b96-fc94862fc59e status=pass target=region2.v2.argotunnel.com
2026-08-22T08:07:42Z INF precheck component="Cloudflare API" details="API is reachable" run_id=5eb102bb-f282-48ba-9b96-fc94862fc59e status=pass target=api.cloudflare.com:443
2026-08-22T08:07:42Z INF precheck complete hard_fail=false run_id=5eb102bb-f282-48ba-9b96-fc94862fc59e suggested_protocol=quic
2026-08-22T08:07:42Z INF Registered tunnel connection connIndex=0 connection=97fbb5e0-ff39-459d-a149-45bea7e39cd6 event=0 ip=2606:4700:a8::4 location=sjc10 protocol=quic
2026-08-22T08:07:42Z INF Initiating graceful shutdown due to signal terminated ...
2026-08-22T08:07:42Z ERR failed to run the datagram handler error="Application error 0x0 (remote)" connIndex=0 event=0 ip=2606:4700:a8::4
2026-08-22T08:07:42Z ERR failed to serve tunnel connection error="accept stream listener encountered a failure while serving" connIndex=0 event=0 ip=2606:4700:a8::4
2026-08-22T08:07:42Z ERR Serve tunnel error error="accept stream listener encountered a failure while serving" connIndex=0 event=0 ip=2606:4700:a8::4
2026-08-22T08:07:42Z INF Retrying connection in up to 1s connIndex=0 event=0 ip=2606:4700:a8::4
2026-08-22T08:07:42Z ERR Connection terminated connIndex=0
2026-08-22T08:07:42Z ERR no more connections active and exiting
2026-08-22T08:07:42Z INF Tunnel server stopped
2026-08-22T08:07:42Z INF Metrics server stopped
